current directory: /mnt/c/Users/olliz/Documents/wsp/wsp1-slutprojekt/vendor/bundle/ruby/3.4.0/gems/io-console-0.8.2/ext/io/console
/home/wsl/.rubies/ruby-3.4.5/bin/ruby extconf.rb
checking for rb_syserr_fail_str(0, Qnil)... yes
checking for rb_interned_str_cstr()... yes
checking for rb_io_path() in ruby/io.h... yes
checking for rb_io_descriptor() in ruby/io.h... yes
checking for rb_io_get_write_io() in ruby/io.h... yes
checking for rb_io_closed_p() in ruby/io.h... yes
checking for rb_io_open_descriptor() in ruby/io.h... yes
checking for rb_ractor_local_storage_value_newkey()... yes
checking for termios.h... yes
checking for cfmakeraw() in termios.h... yes
checking for sys/ioctl.h... yes
checking for HAVE_RUBY_FIBER_SCHEDULER_H... yes
checking for ttyname_r()... yes
creating Makefile

current directory: /mnt/c/Users/olliz/Documents/wsp/wsp1-slutprojekt/vendor/bundle/ruby/3.4.0/gems/io-console-0.8.2/ext/io/console
make DESTDIR\= sitearchdir\=./.gem.20260330-1613-8u89i sitelibdir\=./.gem.20260330-1613-8u89i clean

current directory: /mnt/c/Users/olliz/Documents/wsp/wsp1-slutprojekt/vendor/bundle/ruby/3.4.0/gems/io-console-0.8.2/ext/io/console
make DESTDIR\= sitearchdir\=./.gem.20260330-1613-8u89i sitelibdir\=./.gem.20260330-1613-8u89i
compiling console.c
linking shared-object io/console.so

current directory: /mnt/c/Users/olliz/Documents/wsp/wsp1-slutprojekt/vendor/bundle/ruby/3.4.0/gems/io-console-0.8.2/ext/io/console
make DESTDIR\= sitearchdir\=./.gem.20260330-1613-8u89i sitelibdir\=./.gem.20260330-1613-8u89i install
make: Warning: File 'console.so' has modification time 0.066 s in the future
/usr/bin/install -c -m 0755 console.so ./.gem.20260330-1613-8u89i/io
make: warning:  Clock skew detected.  Your build may be incomplete.

current directory: /mnt/c/Users/olliz/Documents/wsp/wsp1-slutprojekt/vendor/bundle/ruby/3.4.0/gems/io-console-0.8.2/ext/io/console
make DESTDIR\= sitearchdir\=./.gem.20260330-1613-8u89i sitelibdir\=./.gem.20260330-1613-8u89i clean
