current directory: /mnt/c/Users/olliz/Documents/wsp/wsp1-slutprojekt/vendor/bundle/ruby/3.4.0/gems/fiddle-1.1.8/ext/fiddle
/home/wsl/.rubies/ruby-3.4.5/bin/ruby extconf.rb
checking for --enable-debug-build option... no
checking for pkg-config for libffi... not found
checking for ffi.h... yes
checking for -lffi... yes
checking for ffi_closure_alloc() in ffi.h... yes
checking for ffi_prep_cif_var() in ffi.h... yes
checking for sys/mman.h... yes
checking for link.h... yes
checking for dlfcn.h... yes
checking for -ldl... yes
checking for dlopen()... yes
checking for dlclose()... yes
checking for dlsym()... yes
checking for dlerror()... yes
checking for dlinfo()... yes
checking for RTLD_DI_LINKMAP in dlfcn.h... yes
checking for FFI_STDCALL in ffi.h... no
checking signedness of size_t... unsigned
checking for rb_str_to_interned_str()... yes
creating Makefile

current directory: /mnt/c/Users/olliz/Documents/wsp/wsp1-slutprojekt/vendor/bundle/ruby/3.4.0/gems/fiddle-1.1.8/ext/fiddle
make DESTDIR\= sitearchdir\=./.gem.20260330-1613-t8svgg sitelibdir\=./.gem.20260330-1613-t8svgg clean

current directory: /mnt/c/Users/olliz/Documents/wsp/wsp1-slutprojekt/vendor/bundle/ruby/3.4.0/gems/fiddle-1.1.8/ext/fiddle
make DESTDIR\= sitearchdir\=./.gem.20260330-1613-t8svgg sitelibdir\=./.gem.20260330-1613-t8svgg
compiling closure.c
compiling conversions.c
compiling fiddle.c
compiling function.c
compiling handle.c
compiling memory_view.c
compiling pinned.c
compiling pointer.c
linking shared-object fiddle.so

current directory: /mnt/c/Users/olliz/Documents/wsp/wsp1-slutprojekt/vendor/bundle/ruby/3.4.0/gems/fiddle-1.1.8/ext/fiddle
make DESTDIR\= sitearchdir\=./.gem.20260330-1613-t8svgg sitelibdir\=./.gem.20260330-1613-t8svgg install
/usr/bin/install -c -m 0755 fiddle.so ./.gem.20260330-1613-t8svgg

current directory: /mnt/c/Users/olliz/Documents/wsp/wsp1-slutprojekt/vendor/bundle/ruby/3.4.0/gems/fiddle-1.1.8/ext/fiddle
make DESTDIR\= sitearchdir\=./.gem.20260330-1613-t8svgg sitelibdir\=./.gem.20260330-1613-t8svgg clean
